2026-08-31T11:43:22.424965Z  INFO herdr::api::server: api server listening path=/home/asergi/.config/herdr/herdr.sock
2026-08-31T11:43:22.428083Z  INFO herdr::app: using pane scrollback configuration pane_scrollback_limit_bytes=10000000
2026-08-31T11:43:22.460741Z  INFO herdr::logging: checking for updates event="update.check.start" subsystem="update" outcome="started"
2026-08-31T11:43:22.463334Z  INFO herdr::logging: spawning pane terminal event="pane.spawn.start" subsystem="pane" outcome="started" pane_id=1 rows=40 cols=120 scrollback_limit_bytes=10000000
2026-08-31T11:43:22.467204Z  INFO herdr::logging: pane child spawned event="pane.spawned" subsystem="pane" outcome="ok" pane_id=1 pid=22917
2026-08-31T11:43:22.467533Z  INFO herdr::logging: workspace created event="workspace.create" subsystem="workspace" outcome="ok" workspace_id="w1" pane_id=1
2026-08-31T11:43:22.467544Z  INFO herdr::logging: workspace focused event="workspace.focus" subsystem="workspace" outcome="ok" workspace_id="w1"
2026-08-31T11:43:22.468159Z  INFO herdr::logging: tab focused event="tab.focus" subsystem="tab" outcome="ok" workspace_id="w1" tab_id="w1:t1"
2026-08-31T11:43:22.468214Z  INFO herdr::server::headless: created startup workspace cwd=/home/asergi/dotfiles/nixos
2026-08-31T11:43:22.468558Z  INFO herdr::server::headless: client protocol socket listening path=/home/asergi/.config/herdr/herdr-client.sock
2026-08-31T11:43:22.468636Z  INFO herdr::server::headless: herdr server started api_socket=/home/asergi/.config/herdr/herdr.sock client_socket=/home/asergi/.config/herdr/herdr-client.sock
2026-08-31T11:43:22.470195Z  INFO herdr::logging: herdr starting event="app.startup" subsystem="server" outcome="started" pid=22901
2026-08-31T11:43:22.474805Z  INFO herdr::server::headless: client connected client_id=2 cols=189 rows=46 cell_width_px=0 cell_height_px=0 render_encoding=SemanticFrame
2026-08-31T11:43:27.472581Z  INFO herdr::logging: session saved event="persist.save" subsystem="persist" outcome="ok" path=/home/asergi/.config/herdr/session.json workspaces=1
2026-08-31T11:44:03.014199Z  INFO herdr::server::headless: client detach requested via keybind client_id=2
2026-08-31T11:44:03.019164Z  INFO herdr::server::headless: client disconnected client_id=2
2026-08-31T11:44:10.823191Z  INFO herdr::server::headless: client connected client_id=4 cols=189 rows=46 cell_width_px=0 cell_height_px=0 render_encoding=SemanticFrame
2026-08-31T11:46:40.759770Z  INFO herdr::server::headless: client resize client_id=4 cols=93 rows=46 cell_width_px=0 cell_height_px=0
2026-08-31T11:46:42.361413Z  INFO herdr::server::headless: client resize client_id=4 cols=189 rows=46 cell_width_px=0 cell_height_px=0
2026-08-31T11:47:41.161795Z  INFO herdr::logging: spawning pane terminal event="pane.spawn.start" subsystem="pane" outcome="started" pane_id=2 rows=45 cols=163 scrollback_limit_bytes=10000000
2026-08-31T11:47:41.164855Z  INFO herdr::logging: pane child spawned event="pane.spawned" subsystem="pane" outcome="ok" pane_id=2 pid=27466
2026-08-31T11:47:41.165334Z  INFO herdr::logging: tab focused event="tab.focus" subsystem="tab" outcome="ok" workspace_id="w1" tab_id="w1:t1"
2026-08-31T11:47:45.512278Z  INFO herdr::logging: tab focused event="tab.focus" subsystem="tab" outcome="ok" workspace_id="w1" tab_id="w1:t1"
2026-08-31T11:47:46.501213Z  INFO herdr::logging: tab focused event="tab.focus" subsystem="tab" outcome="ok" workspace_id="w1" tab_id="w1:t1"
2026-08-31T11:47:46.991292Z  INFO herdr::logging: tab focused event="tab.focus" subsystem="tab" outcome="ok" workspace_id="w1" tab_id="w1:t1"
2026-08-31T11:47:47.131820Z  INFO herdr::logging: tab focused event="tab.focus" subsystem="tab" outcome="ok" workspace_id="w1" tab_id="w1:t1"
2026-08-31T11:47:47.237625Z  INFO herdr::logging: tab focused event="tab.focus" subsystem="tab" outcome="ok" workspace_id="w1" tab_id="w1:t1"
2026-08-31T11:47:47.368264Z  INFO herdr::logging: tab focused event="tab.focus" subsystem="tab" outcome="ok" workspace_id="w1" tab_id="w1:t1"
2026-08-31T11:47:47.453974Z  INFO herdr::logging: tab focused event="tab.focus" subsystem="tab" outcome="ok" workspace_id="w1" tab_id="w1:t1"
2026-08-31T11:47:47.530270Z  INFO herdr::logging: tab focused event="tab.focus" subsystem="tab" outcome="ok" workspace_id="w1" tab_id="w1:t1"
2026-08-31T11:47:47.609718Z  INFO herdr::logging: tab focused event="tab.focus" subsystem="tab" outcome="ok" workspace_id="w1" tab_id="w1:t1"
2026-08-31T11:47:50.285440Z  INFO herdr::logging: tab focused event="tab.focus" subsystem="tab" outcome="ok" workspace_id="w1" tab_id="w1:t1"
2026-08-31T11:47:50.614903Z  INFO herdr::logging: tab focused event="tab.focus" subsystem="tab" outcome="ok" workspace_id="w1" tab_id="w1:t1"
2026-08-31T11:47:50.744287Z  INFO herdr::logging: tab focused event="tab.focus" subsystem="tab" outcome="ok" workspace_id="w1" tab_id="w1:t1"
2026-08-31T11:47:50.856394Z  INFO herdr::logging: tab focused event="tab.focus" subsystem="tab" outcome="ok" workspace_id="w1" tab_id="w1:t1"
2026-08-31T11:47:51.402334Z  INFO herdr::logging: tab focused event="tab.focus" subsystem="tab" outcome="ok" workspace_id="w1" tab_id="w1:t1"
2026-08-31T11:47:51.527944Z  INFO herdr::logging: tab focused event="tab.focus" subsystem="tab" outcome="ok" workspace_id="w1" tab_id="w1:t1"
2026-08-31T11:47:51.593361Z  INFO herdr::logging: tab focused event="tab.focus" subsystem="tab" outcome="ok" workspace_id="w1" tab_id="w1:t1"
2026-08-31T11:47:51.951885Z  INFO herdr::logging: tab focused event="tab.focus" subsystem="tab" outcome="ok" workspace_id="w1" tab_id="w1:t1"
2026-08-31T11:47:52.046181Z  INFO herdr::logging: tab focused event="tab.focus" subsystem="tab" outcome="ok" workspace_id="w1" tab_id="w1:t1"
2026-08-31T11:47:52.177016Z  INFO herdr::logging: tab focused event="tab.focus" subsystem="tab" outcome="ok" workspace_id="w1" tab_id="w1:t1"
2026-08-31T11:47:52.280974Z  INFO herdr::logging: tab focused event="tab.focus" subsystem="tab" outcome="ok" workspace_id="w1" tab_id="w1:t1"
2026-08-31T11:47:52.368357Z  INFO herdr::logging: tab focused event="tab.focus" subsystem="tab" outcome="ok" workspace_id="w1" tab_id="w1:t1"
2026-08-31T11:47:52.487294Z  INFO herdr::logging: tab focused event="tab.focus" subsystem="tab" outcome="ok" workspace_id="w1" tab_id="w1:t1"
2026-08-31T11:47:52.586044Z  INFO herdr::logging: tab focused event="tab.focus" subsystem="tab" outcome="ok" workspace_id="w1" tab_id="w1:t1"
2026-08-31T11:47:52.902213Z  INFO herdr::logging: tab focused event="tab.focus" subsystem="tab" outcome="ok" workspace_id="w1" tab_id="w1:t1"
2026-08-31T11:47:52.991909Z  INFO herdr::logging: tab focused event="tab.focus" subsystem="tab" outcome="ok" workspace_id="w1" tab_id="w1:t1"
2026-08-31T11:47:58.499674Z  INFO herdr::logging: tab focused event="tab.focus" subsystem="tab" outcome="ok" workspace_id="w1" tab_id="w1:t1"
2026-08-31T11:48:01.105197Z  INFO herdr::logging: workspace closed event="workspace.close" subsystem="workspace" outcome="ok" workspace_id="w1"
2026-08-31T11:48:01.106953Z  INFO herdr::logging: pane child exited event="pane.exit" subsystem="pane" outcome="completed" pane_id=1 status="ExitStatus { code: 1, signal: None }"
2026-08-31T11:48:01.113450Z  INFO herdr::pane: pane session terminated pane=1 pid=22917 signal=Hangup
2026-08-31T11:48:01.114973Z  INFO herdr::logging: pane child exited event="pane.exit" subsystem="pane" outcome="completed" pane_id=2 status="ExitStatus { code: 1, signal: None }"
2026-08-31T11:48:01.118981Z  INFO herdr::pane: pane session terminated pane=2 pid=27466 signal=Hangup
2026-08-31T11:48:01.119249Z  WARN herdr::app::actions: PaneDied for unknown pane pane=1
2026-08-31T11:48:01.119265Z  WARN herdr::app::actions: PaneDied for unknown pane pane=2
2026-08-31T11:48:01.119360Z  INFO herdr::logging: spawning pane terminal event="pane.spawn.start" subsystem="pane" outcome="started" pane_id=3 rows=45 cols=57 scrollback_limit_bytes=10000000
2026-08-31T11:48:01.120778Z  INFO herdr::logging: pane child spawned event="pane.spawned" subsystem="pane" outcome="ok" pane_id=3 pid=27949
2026-08-31T11:48:01.120980Z  INFO herdr::logging: workspace created event="workspace.create" subsystem="workspace" outcome="ok" workspace_id="w2" pane_id=3
2026-08-31T11:48:01.120993Z  INFO herdr::logging: workspace focused event="workspace.focus" subsystem="workspace" outcome="ok" workspace_id="w2"
2026-08-31T11:48:01.121006Z  INFO herdr::logging: tab focused event="tab.focus" subsystem="tab" outcome="ok" workspace_id="w2" tab_id="w2:t1"
2026-08-31T11:48:06.126653Z  INFO herdr::logging: session saved event="persist.save" subsystem="persist" outcome="ok" path=/home/asergi/.config/herdr/session.json workspaces=1
2026-08-31T11:48:30.353432Z  INFO herdr::logging: spawning pane terminal event="pane.spawn.start" subsystem="pane" outcome="started" pane_id=4 rows=45 cols=163 scrollback_limit_bytes=10000000
2026-08-31T11:48:30.356063Z  INFO herdr::logging: pane child spawned event="pane.spawned" subsystem="pane" outcome="ok" pane_id=4 pid=28364
2026-08-31T11:48:30.356425Z  INFO herdr::logging: tab focused event="tab.focus" subsystem="tab" outcome="ok" workspace_id="w2" tab_id="w2:t1"
2026-08-31T11:48:33.272717Z  INFO herdr::logging: workspace closed event="workspace.close" subsystem="workspace" outcome="ok" workspace_id="w2"
2026-08-31T11:48:33.275029Z  INFO herdr::logging: pane child exited event="pane.exit" subsystem="pane" outcome="completed" pane_id=3 status="ExitStatus { code: 1, signal: None }"
2026-08-31T11:48:33.278505Z  INFO herdr::pane: pane session terminated pane=3 pid=27949 signal=Hangup
2026-08-31T11:48:33.279557Z  INFO herdr::logging: pane child exited event="pane.exit" subsystem="pane" outcome="completed" pane_id=4 status="ExitStatus { code: 1, signal: None }"
2026-08-31T11:48:33.281887Z  INFO herdr::pane: pane session terminated pane=4 pid=28364 signal=Hangup
2026-08-31T11:48:33.282044Z  WARN herdr::app::actions: PaneDied for unknown pane pane=3
2026-08-31T11:48:33.282065Z  WARN herdr::app::actions: PaneDied for unknown pane pane=4
2026-08-31T11:48:33.282192Z  INFO herdr::logging: spawning pane terminal event="pane.spawn.start" subsystem="pane" outcome="started" pane_id=5 rows=23 cols=163 scrollback_limit_bytes=10000000
2026-08-31T11:48:33.283898Z  INFO herdr::logging: pane child spawned event="pane.spawned" subsystem="pane" outcome="ok" pane_id=5 pid=28486
2026-08-31T11:48:33.284240Z  INFO herdr::logging: workspace created event="workspace.create" subsystem="workspace" outcome="ok" workspace_id="w3" pane_id=5
2026-08-31T11:48:33.284255Z  INFO herdr::logging: workspace focused event="workspace.focus" subsystem="workspace" outcome="ok" workspace_id="w3"
2026-08-31T11:48:33.284267Z  INFO herdr::logging: tab focused event="tab.focus" subsystem="tab" outcome="ok" workspace_id="w3" tab_id="w3:t1"
2026-08-31T11:48:38.290027Z  INFO herdr::logging: session saved event="persist.save" subsystem="persist" outcome="ok" path=/home/asergi/.config/herdr/session.json workspaces=1
2026-08-31T11:48:38.758111Z  INFO herdr::logging: spawning pane terminal event="pane.spawn.start" subsystem="pane" outcome="started" pane_id=6 rows=45 cols=163 scrollback_limit_bytes=10000000
2026-08-31T11:48:38.760767Z  INFO herdr::logging: pane child spawned event="pane.spawned" subsystem="pane" outcome="ok" pane_id=6 pid=28614
2026-08-31T11:48:38.761230Z  INFO herdr::logging: tab focused event="tab.focus" subsystem="tab" outcome="ok" workspace_id="w3" tab_id="w3:t1"
2026-08-31T11:48:39.677521Z  INFO herdr::logging: workspace closed event="workspace.close" subsystem="workspace" outcome="ok" workspace_id="w3"
2026-08-31T11:48:39.679084Z  INFO herdr::logging: pane child exited event="pane.exit" subsystem="pane" outcome="completed" pane_id=6 status="ExitStatus { code: 1, signal: None }"
2026-08-31T11:48:39.684211Z  INFO herdr::pane: pane session terminated pane=6 pid=28614 signal=Hangup
2026-08-31T11:48:39.685903Z  INFO herdr::logging: pane child exited event="pane.exit" subsystem="pane" outcome="completed" pane_id=5 status="ExitStatus { code: 1, signal: None }"
2026-08-31T11:48:39.691581Z  INFO herdr::pane: pane session terminated pane=5 pid=28486 signal=Hangup
2026-08-31T11:48:39.691828Z  WARN herdr::app::actions: PaneDied for unknown pane pane=6
2026-08-31T11:48:39.691847Z  WARN herdr::app::actions: PaneDied for unknown pane pane=5
2026-08-31T11:48:39.692076Z  INFO herdr::logging: spawning pane terminal event="pane.spawn.start" subsystem="pane" outcome="started" pane_id=7 rows=23 cols=163 scrollback_limit_bytes=10000000
2026-08-31T11:48:39.694067Z  INFO herdr::logging: pane child spawned event="pane.spawned" subsystem="pane" outcome="ok" pane_id=7 pid=28731
2026-08-31T11:48:39.694566Z  INFO herdr::logging: workspace created event="workspace.create" subsystem="workspace" outcome="ok" workspace_id="w4" pane_id=7
2026-08-31T11:48:39.694592Z  INFO herdr::logging: workspace focused event="workspace.focus" subsystem="workspace" outcome="ok" workspace_id="w4"
2026-08-31T11:48:39.694620Z  INFO herdr::logging: tab focused event="tab.focus" subsystem="tab" outcome="ok" workspace_id="w4" tab_id="w4:t1"
2026-08-31T11:48:44.701426Z  INFO herdr::logging: session saved event="persist.save" subsystem="persist" outcome="ok" path=/home/asergi/.config/herdr/session.json workspaces=1
2026-08-31T11:48:44.962332Z  INFO herdr::logging: workspace closed event="workspace.close" subsystem="workspace" outcome="ok" workspace_id="w4"
2026-08-31T11:48:44.963643Z  INFO herdr::logging: pane child exited event="pane.exit" subsystem="pane" outcome="completed" pane_id=7 status="ExitStatus { code: 1, signal: None }"
2026-08-31T11:48:44.968734Z  INFO herdr::pane: pane session terminated pane=7 pid=28731 signal=Hangup
2026-08-31T11:48:44.968965Z  WARN herdr::app::actions: PaneDied for unknown pane pane=7
2026-08-31T11:48:44.969132Z  INFO herdr::logging: spawning pane terminal event="pane.spawn.start" subsystem="pane" outcome="started" pane_id=8 rows=45 cols=163 scrollback_limit_bytes=10000000
2026-08-31T11:48:44.971462Z  INFO herdr::logging: pane child spawned event="pane.spawned" subsystem="pane" outcome="ok" pane_id=8 pid=28856
2026-08-31T11:48:44.971760Z  INFO herdr::logging: workspace created event="workspace.create" subsystem="workspace" outcome="ok" workspace_id="w5" pane_id=8
2026-08-31T11:48:44.971774Z  INFO herdr::logging: workspace focused event="workspace.focus" subsystem="workspace" outcome="ok" workspace_id="w5"
2026-08-31T11:48:44.971794Z  INFO herdr::logging: tab focused event="tab.focus" subsystem="tab" outcome="ok" workspace_id="w5" tab_id="w5:t1"
2026-08-31T11:48:45.754145Z  INFO herdr::logging: workspace closed event="workspace.close" subsystem="workspace" outcome="ok" workspace_id="w5"
2026-08-31T11:48:45.755500Z  INFO herdr::logging: pane child exited event="pane.exit" subsystem="pane" outcome="completed" pane_id=8 status="ExitStatus { code: 1, signal: None }"
2026-08-31T11:48:45.761494Z  INFO herdr::pane: pane session terminated pane=8 pid=28856 signal=Hangup
2026-08-31T11:48:45.761757Z  WARN herdr::app::actions: PaneDied for unknown pane pane=8
2026-08-31T11:48:45.761914Z  INFO herdr::logging: spawning pane terminal event="pane.spawn.start" subsystem="pane" outcome="started" pane_id=9 rows=45 cols=163 scrollback_limit_bytes=10000000
2026-08-31T11:48:45.764550Z  INFO herdr::logging: pane child spawned event="pane.spawned" subsystem="pane" outcome="ok" pane_id=9 pid=28941
2026-08-31T11:48:45.765446Z  INFO herdr::logging: workspace created event="workspace.create" subsystem="workspace" outcome="ok" workspace_id="w6" pane_id=9
2026-08-31T11:48:45.765479Z  INFO herdr::logging: workspace focused event="workspace.focus" subsystem="workspace" outcome="ok" workspace_id="w6"
2026-08-31T11:48:45.765504Z  INFO herdr::logging: tab focused event="tab.focus" subsystem="tab" outcome="ok" workspace_id="w6" tab_id="w6:t1"
2026-08-31T11:48:46.354222Z  INFO herdr::logging: workspace closed event="workspace.close" subsystem="workspace" outcome="ok" workspace_id="w6"
2026-08-31T11:48:46.355761Z  INFO herdr::logging: pane child exited event="pane.exit" subsystem="pane" outcome="completed" pane_id=9 status="ExitStatus { code: 1, signal: None }"
2026-08-31T11:48:46.361851Z  INFO herdr::pane: pane session terminated pane=9 pid=28941 signal=Hangup
2026-08-31T11:48:46.362158Z  WARN herdr::app::actions: PaneDied for unknown pane pane=9
2026-08-31T11:48:46.362395Z  INFO herdr::logging: spawning pane terminal event="pane.spawn.start" subsystem="pane" outcome="started" pane_id=10 rows=45 cols=163 scrollback_limit_bytes=10000000
2026-08-31T11:48:46.365095Z  INFO herdr::logging: pane child spawned event="pane.spawned" subsystem="pane" outcome="ok" pane_id=10 pid=29024
2026-08-31T11:48:46.365571Z  INFO herdr::logging: workspace created event="workspace.create" subsystem="workspace" outcome="ok" workspace_id="w7" pane_id=10
2026-08-31T11:48:46.365583Z  INFO herdr::logging: workspace focused event="workspace.focus" subsystem="workspace" outcome="ok" workspace_id="w7"
2026-08-31T11:48:46.365619Z  INFO herdr::logging: tab focused event="tab.focus" subsystem="tab" outcome="ok" workspace_id="w7" tab_id="w7:t1"
2026-08-31T11:48:46.547298Z  INFO herdr::logging: workspace closed event="workspace.close" subsystem="workspace" outcome="ok" workspace_id="w7"
2026-08-31T11:48:46.548207Z  INFO herdr::logging: pane child exited event="pane.exit" subsystem="pane" outcome="completed" pane_id=10 status="ExitStatus { code: 1, signal: None }"
2026-08-31T11:48:46.610768Z  INFO herdr::pane: pane session terminated pane=10 pid=29024 signal=Hangup
2026-08-31T11:48:46.611297Z  WARN herdr::app::actions: PaneDied for unknown pane pane=10
2026-08-31T11:48:46.611561Z  INFO herdr::logging: spawning pane terminal event="pane.spawn.start" subsystem="pane" outcome="started" pane_id=11 rows=45 cols=163 scrollback_limit_bytes=10000000
2026-08-31T11:48:46.614303Z  INFO herdr::logging: pane child spawned event="pane.spawned" subsystem="pane" outcome="ok" pane_id=11 pid=29108
2026-08-31T11:48:46.614761Z  INFO herdr::logging: workspace created event="workspace.create" subsystem="workspace" outcome="ok" workspace_id="w8" pane_id=11
2026-08-31T11:48:46.614782Z  INFO herdr::logging: workspace focused event="workspace.focus" subsystem="workspace" outcome="ok" workspace_id="w8"
2026-08-31T11:48:46.614803Z  INFO herdr::logging: tab focused event="tab.focus" subsystem="tab" outcome="ok" workspace_id="w8" tab_id="w8:t1"
2026-08-31T11:48:46.693999Z  INFO herdr::logging: workspace closed event="workspace.close" subsystem="workspace" outcome="ok" workspace_id="w8"
2026-08-31T11:48:46.699719Z  INFO herdr::logging: pane child exited event="pane.exit" subsystem="pane" outcome="completed" pane_id=11 status="ExitStatus { code: 1, signal: None }"
2026-08-31T11:48:46.717772Z  INFO herdr::pane: pane session terminated pane=11 pid=29108 signal=Hangup
2026-08-31T11:48:46.718020Z  WARN herdr::app::actions: PaneDied for unknown pane pane=11
2026-08-31T11:48:46.718184Z  INFO herdr::logging: spawning pane terminal event="pane.spawn.start" subsystem="pane" outcome="started" pane_id=12 rows=45 cols=163 scrollback_limit_bytes=10000000
2026-08-31T11:48:46.720171Z  INFO herdr::logging: pane child spawned event="pane.spawned" subsystem="pane" outcome="ok" pane_id=12 pid=29132
2026-08-31T11:48:46.720393Z  INFO herdr::logging: workspace created event="workspace.create" subsystem="workspace" outcome="ok" workspace_id="w9" pane_id=12
2026-08-31T11:48:46.720400Z  INFO herdr::logging: workspace focused event="workspace.focus" subsystem="workspace" outcome="ok" workspace_id="w9"
2026-08-31T11:48:46.720415Z  INFO herdr::logging: tab focused event="tab.focus" subsystem="tab" outcome="ok" workspace_id="w9" tab_id="w9:t1"
2026-08-31T11:48:51.727480Z  INFO herdr::logging: session saved event="persist.save" subsystem="persist" outcome="ok" path=/home/asergi/.config/herdr/session.json workspaces=1
2026-08-31T11:49:06.170967Z  INFO herdr::logging: spawning pane terminal event="pane.spawn.start" subsystem="pane" outcome="started" pane_id=13 rows=45 cols=163 scrollback_limit_bytes=10000000
2026-08-31T11:49:06.173501Z  INFO herdr::logging: pane child spawned event="pane.spawned" subsystem="pane" outcome="ok" pane_id=13 pid=29584
2026-08-31T11:49:06.173867Z  INFO herdr::logging: tab focused event="tab.focus" subsystem="tab" outcome="ok" workspace_id="w9" tab_id="w9:t2"
2026-08-31T11:49:06.896851Z  INFO herdr::logging: tab focused event="tab.focus" subsystem="tab" outcome="ok" workspace_id="w9" tab_id="w9:t1"
2026-08-31T11:49:07.379323Z  INFO herdr::logging: tab focused event="tab.focus" subsystem="tab" outcome="ok" workspace_id="w9" tab_id="w9:t2"
2026-08-31T11:49:07.608014Z  INFO herdr::logging: tab focused event="tab.focus" subsystem="tab" outcome="ok" workspace_id="w9" tab_id="w9:t1"
2026-08-31T11:49:07.748388Z  INFO herdr::logging: tab focused event="tab.focus" subsystem="tab" outcome="ok" workspace_id="w9" tab_id="w9:t2"
2026-08-31T11:49:08.027279Z  INFO herdr::logging: tab focused event="tab.focus" subsystem="tab" outcome="ok" workspace_id="w9" tab_id="w9:t1"
2026-08-31T11:49:08.171831Z  INFO herdr::logging: tab focused event="tab.focus" subsystem="tab" outcome="ok" workspace_id="w9" tab_id="w9:t2"
2026-08-31T11:49:08.353308Z  INFO herdr::logging: tab focused event="tab.focus" subsystem="tab" outcome="ok" workspace_id="w9" tab_id="w9:t1"
2026-08-31T11:49:09.260728Z  INFO herdr::logging: tab focused event="tab.focus" subsystem="tab" outcome="ok" workspace_id="w9" tab_id="w9:t2"
2026-08-31T11:49:09.390996Z  INFO herdr::logging: tab focused event="tab.focus" subsystem="tab" outcome="ok" workspace_id="w9" tab_id="w9:t1"
2026-08-31T11:49:09.505507Z  INFO herdr::logging: tab focused event="tab.focus" subsystem="tab" outcome="ok" workspace_id="w9" tab_id="w9:t2"
2026-08-31T11:49:09.605266Z  INFO herdr::logging: tab focused event="tab.focus" subsystem="tab" outcome="ok" workspace_id="w9" tab_id="w9:t1"
2026-08-31T11:49:10.103493Z  INFO herdr::logging: tab focused event="tab.focus" subsystem="tab" outcome="ok" workspace_id="w9" tab_id="w9:t2"
2026-08-31T11:49:10.500288Z  INFO herdr::logging: tab focused event="tab.focus" subsystem="tab" outcome="ok" workspace_id="w9" tab_id="w9:t1"
2026-08-31T11:49:10.626171Z  INFO herdr::logging: tab focused event="tab.focus" subsystem="tab" outcome="ok" workspace_id="w9" tab_id="w9:t2"
2026-08-31T11:49:11.150617Z  INFO herdr::logging: tab focused event="tab.focus" subsystem="tab" outcome="ok" workspace_id="w9" tab_id="w9:t1"
2026-08-31T11:49:16.152271Z  INFO herdr::logging: session saved event="persist.save" subsystem="persist" outcome="ok" path=/home/asergi/.config/herdr/session.json workspaces=1
2026-08-31T11:49:17.391630Z  INFO herdr::logging: tab focused event="tab.focus" subsystem="tab" outcome="ok" workspace_id="w9" tab_id="w9:t2"
2026-08-31T11:49:18.585575Z  INFO herdr::logging: pane child exited event="pane.exit" subsystem="pane" outcome="completed" pane_id=13 status="ExitStatus { code: 1, signal: None }"
2026-08-31T11:49:18.589967Z  INFO herdr::pane: pane session terminated pane=13 pid=29584 signal=Hangup
2026-08-31T11:49:18.590162Z  WARN herdr::app::actions: PaneDied for unknown pane pane=13
2026-08-31T11:49:19.739838Z  INFO herdr::logging: tab focused event="tab.focus" subsystem="tab" outcome="ok" workspace_id="w9" tab_id="w9:t1"
2026-08-31T11:49:24.741864Z  INFO herdr::logging: session saved event="persist.save" subsystem="persist" outcome="ok" path=/home/asergi/.config/herdr/session.json workspaces=1
2026-08-31T12:13:22.461898Z  INFO herdr::logging: checking for updates event="update.check.start" subsystem="update" outcome="started"
2026-08-31T12:43:22.463682Z  INFO herdr::logging: checking for updates event="update.check.start" subsystem="update" outcome="started"
2026-08-31T13:13:22.465697Z  INFO herdr::logging: checking for updates event="update.check.start" subsystem="update" outcome="started"
2026-08-31T13:43:22.467567Z  INFO herdr::logging: checking for updates event="update.check.start" subsystem="update" outcome="started"
2026-08-31T14:13:22.469336Z  INFO herdr::logging: checking for updates event="update.check.start" subsystem="update" outcome="started"
2026-08-31T14:24:11.258721Z  INFO herdr::logging: spawning pane terminal event="pane.spawn.start" subsystem="pane" outcome="started" pane_id=14 rows=45 cols=163 scrollback_limit_bytes=10000000
2026-08-31T14:24:11.261589Z  INFO herdr::logging: pane child spawned event="pane.spawned" subsystem="pane" outcome="ok" pane_id=14 pid=51721
2026-08-31T14:24:11.262010Z  INFO herdr::logging: tab focused event="tab.focus" subsystem="tab" outcome="ok" workspace_id="w9" tab_id="w9:t1"
2026-08-31T14:24:25.350145Z  INFO herdr::logging: tab focused event="tab.focus" subsystem="tab" outcome="ok" workspace_id="w9" tab_id="w9:t1"
2026-08-31T14:24:30.353164Z  INFO herdr::logging: session saved event="persist.save" subsystem="persist" outcome="ok" path=/home/asergi/.config/herdr/session.json workspaces=1
2026-08-31T14:24:30.864989Z  INFO herdr::logging: tab focused event="tab.focus" subsystem="tab" outcome="ok" workspace_id="w9" tab_id="w9:t1"
2026-08-31T14:24:31.958326Z  INFO herdr::logging: pane child exited event="pane.exit" subsystem="pane" outcome="completed" pane_id=14 status="ExitStatus { code: 1, signal: None }"
2026-08-31T14:24:31.963620Z  INFO herdr::pane: pane session terminated pane=14 pid=51721 signal=Hangup
2026-08-31T14:24:31.963896Z  WARN herdr::app::actions: PaneDied for unknown pane pane=14
2026-08-31T14:24:36.965661Z  INFO herdr::logging: session saved event="persist.save" subsystem="persist" outcome="ok" path=/home/asergi/.config/herdr/session.json workspaces=1
2026-08-31T14:24:43.360678Z  INFO herdr::logging: spawning pane terminal event="pane.spawn.start" subsystem="pane" outcome="started" pane_id=15 rows=45 cols=163 scrollback_limit_bytes=10000000
2026-08-31T14:24:43.363389Z  INFO herdr::logging: pane child spawned event="pane.spawned" subsystem="pane" outcome="ok" pane_id=15 pid=54868
2026-08-31T14:24:43.363960Z  INFO herdr::logging: tab focused event="tab.focus" subsystem="tab" outcome="ok" workspace_id="w9" tab_id="w9:t1"
2026-08-31T14:24:43.953513Z  INFO herdr::logging: workspace closed event="workspace.close" subsystem="workspace" outcome="ok" workspace_id="w9"
2026-08-31T14:24:43.955712Z  INFO herdr::logging: pane child exited event="pane.exit" subsystem="pane" outcome="completed" pane_id=12 status="ExitStatus { code: 1, signal: None }"
2026-08-31T14:24:43.962617Z  INFO herdr::pane: pane session terminated pane=12 pid=29132 signal=Hangup
2026-08-31T14:24:43.964393Z  INFO herdr::logging: pane child exited event="pane.exit" subsystem="pane" outcome="completed" pane_id=15 status="ExitStatus { code: 1, signal: None }"
2026-08-31T14:24:43.970040Z  INFO herdr::pane: pane session terminated pane=15 pid=54868 signal=Hangup
2026-08-31T14:24:43.970249Z  WARN herdr::app::actions: PaneDied for unknown pane pane=12
2026-08-31T14:24:43.970261Z  WARN herdr::app::actions: PaneDied for unknown pane pane=15
2026-08-31T14:24:43.970375Z  INFO herdr::logging: spawning pane terminal event="pane.spawn.start" subsystem="pane" outcome="started" pane_id=16 rows=45 cols=82 scrollback_limit_bytes=10000000
2026-08-31T14:24:43.972189Z  INFO herdr::logging: pane child spawned event="pane.spawned" subsystem="pane" outcome="ok" pane_id=16 pid=54987
2026-08-31T14:24:43.972514Z  INFO herdr::logging: workspace created event="workspace.create" subsystem="workspace" outcome="ok" workspace_id="wA" pane_id=16
2026-08-31T14:24:43.972538Z  INFO herdr::logging: workspace focused event="workspace.focus" subsystem="workspace" outcome="ok" workspace_id="wA"
2026-08-31T14:24:43.972562Z  INFO herdr::logging: tab focused event="tab.focus" subsystem="tab" outcome="ok" workspace_id="wA" tab_id="wA:t1"
2026-08-31T14:24:44.482633Z  INFO herdr::logging: workspace closed event="workspace.close" subsystem="workspace" outcome="ok" workspace_id="wA"
2026-08-31T14:24:44.484104Z  INFO herdr::logging: pane child exited event="pane.exit" subsystem="pane" outcome="completed" pane_id=16 status="ExitStatus { code: 1, signal: None }"
2026-08-31T14:24:44.489511Z  INFO herdr::pane: pane session terminated pane=16 pid=54987 signal=Hangup
2026-08-31T14:24:44.489845Z  WARN herdr::app::actions: PaneDied for unknown pane pane=16
2026-08-31T14:24:44.490006Z  INFO herdr::logging: spawning pane terminal event="pane.spawn.start" subsystem="pane" outcome="started" pane_id=17 rows=45 cols=163 scrollback_limit_bytes=10000000
2026-08-31T14:24:44.492375Z  INFO herdr::logging: pane child spawned event="pane.spawned" subsystem="pane" outcome="ok" pane_id=17 pid=55071
2026-08-31T14:24:44.492696Z  INFO herdr::logging: workspace created event="workspace.create" subsystem="workspace" outcome="ok" workspace_id="wB" pane_id=17
2026-08-31T14:24:44.492708Z  INFO herdr::logging: workspace focused event="workspace.focus" subsystem="workspace" outcome="ok" workspace_id="wB"
2026-08-31T14:24:44.492727Z  INFO herdr::logging: tab focused event="tab.focus" subsystem="tab" outcome="ok" workspace_id="wB" tab_id="wB:t1"
2026-08-31T14:24:45.273521Z  INFO herdr::logging: workspace closed event="workspace.close" subsystem="workspace" outcome="ok" workspace_id="wB"
2026-08-31T14:24:45.275172Z  INFO herdr::logging: pane child exited event="pane.exit" subsystem="pane" outcome="completed" pane_id=17 status="ExitStatus { code: 1, signal: None }"
2026-08-31T14:24:45.279399Z  INFO herdr::pane: pane session terminated pane=17 pid=55071 signal=Hangup
2026-08-31T14:24:45.279611Z  WARN herdr::app::actions: PaneDied for unknown pane pane=17
2026-08-31T14:24:45.279705Z  INFO herdr::logging: spawning pane terminal event="pane.spawn.start" subsystem="pane" outcome="started" pane_id=18 rows=45 cols=163 scrollback_limit_bytes=10000000
2026-08-31T14:24:45.281459Z  INFO herdr::logging: pane child spawned event="pane.spawned" subsystem="pane" outcome="ok" pane_id=18 pid=55155
2026-08-31T14:24:45.281867Z  INFO herdr::logging: workspace created event="workspace.create" subsystem="workspace" outcome="ok" workspace_id="wC" pane_id=18
2026-08-31T14:24:45.281916Z  INFO herdr::logging: workspace focused event="workspace.focus" subsystem="workspace" outcome="ok" workspace_id="wC"
2026-08-31T14:24:45.281934Z  INFO herdr::logging: tab focused event="tab.focus" subsystem="tab" outcome="ok" workspace_id="wC" tab_id="wC:t1"
2026-08-31T14:24:45.433167Z  INFO herdr::logging: workspace closed event="workspace.close" subsystem="workspace" outcome="ok" workspace_id="wC"
2026-08-31T14:24:45.434093Z  INFO herdr::logging: pane child exited event="pane.exit" subsystem="pane" outcome="completed" pane_id=18 status="ExitStatus { code: 1, signal: None }"
2026-08-31T14:24:45.436759Z  INFO herdr::pane: pane session terminated pane=18 pid=55155 signal=Hangup
2026-08-31T14:24:45.436966Z  WARN herdr::app::actions: PaneDied for unknown pane pane=18
2026-08-31T14:24:45.437200Z  INFO herdr::logging: spawning pane terminal event="pane.spawn.start" subsystem="pane" outcome="started" pane_id=19 rows=45 cols=163 scrollback_limit_bytes=10000000
2026-08-31T14:24:45.438689Z  INFO herdr::logging: pane child spawned event="pane.spawned" subsystem="pane" outcome="ok" pane_id=19 pid=55216
2026-08-31T14:24:45.439035Z  INFO herdr::logging: workspace created event="workspace.create" subsystem="workspace" outcome="ok" workspace_id="wD" pane_id=19
2026-08-31T14:24:45.439100Z  INFO herdr::logging: workspace focused event="workspace.focus" subsystem="workspace" outcome="ok" workspace_id="wD"
2026-08-31T14:24:45.439118Z  INFO herdr::logging: tab focused event="tab.focus" subsystem="tab" outcome="ok" workspace_id="wD" tab_id="wD:t1"
2026-08-31T14:24:45.611873Z  INFO herdr::logging: workspace closed event="workspace.close" subsystem="workspace" outcome="ok" workspace_id="wD"
2026-08-31T14:24:45.612720Z  INFO herdr::logging: pane child exited event="pane.exit" subsystem="pane" outcome="completed" pane_id=19 status="ExitStatus { code: 1, signal: None }"
2026-08-31T14:24:45.614718Z  INFO herdr::pane: pane session terminated pane=19 pid=55216 signal=Hangup
2026-08-31T14:24:45.614819Z  WARN herdr::app::actions: PaneDied for unknown pane pane=19
2026-08-31T14:24:45.614885Z  INFO herdr::logging: spawning pane terminal event="pane.spawn.start" subsystem="pane" outcome="started" pane_id=20 rows=45 cols=163 scrollback_limit_bytes=10000000
2026-08-31T14:24:45.615880Z  INFO herdr::logging: pane child spawned event="pane.spawned" subsystem="pane" outcome="ok" pane_id=20 pid=55306
2026-08-31T14:24:45.616024Z  INFO herdr::logging: workspace created event="workspace.create" subsystem="workspace" outcome="ok" workspace_id="wE" pane_id=20
2026-08-31T14:24:45.616029Z  INFO herdr::logging: workspace focused event="workspace.focus" subsystem="workspace" outcome="ok" workspace_id="wE"
2026-08-31T14:24:45.616058Z  INFO herdr::logging: tab focused event="tab.focus" subsystem="tab" outcome="ok" workspace_id="wE" tab_id="wE:t1"
2026-08-31T14:24:50.618240Z  INFO herdr::logging: session saved event="persist.save" subsystem="persist" outcome="ok" path=/home/asergi/.config/herdr/session.json workspaces=1
2026-08-31T14:24:50.858142Z  INFO herdr::logging: spawning pane terminal event="pane.spawn.start" subsystem="pane" outcome="started" pane_id=21 rows=45 cols=163 scrollback_limit_bytes=10000000
2026-08-31T14:24:50.860995Z  INFO herdr::logging: pane child spawned event="pane.spawned" subsystem="pane" outcome="ok" pane_id=21 pid=55402
2026-08-31T14:24:50.861457Z  INFO herdr::logging: tab focused event="tab.focus" subsystem="tab" outcome="ok" workspace_id="wE" tab_id="wE:t1"
2026-08-31T14:24:52.445381Z  INFO herdr::logging: pane child exited event="pane.exit" subsystem="pane" outcome="completed" pane_id=21 status="ExitStatus { code: 1, signal: None }"
2026-08-31T14:24:52.450426Z  INFO herdr::pane: pane session terminated pane=21 pid=55402 signal=Hangup
2026-08-31T14:24:52.450692Z  WARN herdr::app::actions: PaneDied for unknown pane pane=21
2026-08-31T14:24:53.107970Z  INFO herdr::logging: workspace closed event="workspace.close" subsystem="workspace" outcome="ok" workspace_id="wE"
2026-08-31T14:24:53.109923Z  INFO herdr::logging: pane child exited event="pane.exit" subsystem="pane" outcome="completed" pane_id=20 status="ExitStatus { code: 1, signal: None }"
2026-08-31T14:24:53.115389Z  INFO herdr::pane: pane session terminated pane=20 pid=55306 signal=Hangup
2026-08-31T14:24:53.115729Z  WARN herdr::app::actions: PaneDied for unknown pane pane=20
2026-08-31T14:24:53.115903Z  INFO herdr::logging: spawning pane terminal event="pane.spawn.start" subsystem="pane" outcome="started" pane_id=22 rows=45 cols=163 scrollback_limit_bytes=10000000
2026-08-31T14:24:53.119020Z  INFO herdr::logging: pane child spawned event="pane.spawned" subsystem="pane" outcome="ok" pane_id=22 pid=55555
2026-08-31T14:24:53.119470Z  INFO herdr::logging: workspace created event="workspace.create" subsystem="workspace" outcome="ok" workspace_id="wF" pane_id=22
2026-08-31T14:24:53.119486Z  INFO herdr::logging: workspace focused event="workspace.focus" subsystem="workspace" outcome="ok" workspace_id="wF"
2026-08-31T14:24:53.119510Z  INFO herdr::logging: tab focused event="tab.focus" subsystem="tab" outcome="ok" workspace_id="wF" tab_id="wF:t1"
2026-08-31T14:24:57.477755Z  INFO herdr::logging: spawning pane terminal event="pane.spawn.start" subsystem="pane" outcome="started" pane_id=23 rows=45 cols=163 scrollback_limit_bytes=10000000
2026-08-31T14:24:57.480565Z  INFO herdr::logging: pane child spawned event="pane.spawned" subsystem="pane" outcome="ok" pane_id=23 pid=55646
2026-08-31T14:24:57.480892Z  INFO herdr::logging: tab focused event="tab.focus" subsystem="tab" outcome="ok" workspace_id="wF" tab_id="wF:t2"
2026-08-31T14:24:59.510677Z  INFO herdr::logging: pane child exited event="pane.exit" subsystem="pane" outcome="completed" pane_id=23 status="ExitStatus { code: 1, signal: None }"
2026-08-31T14:24:59.514263Z  INFO herdr::pane: pane session terminated pane=23 pid=55646 signal=Hangup
2026-08-31T14:24:59.514434Z  WARN herdr::app::actions: PaneDied for unknown pane pane=23
2026-08-31T14:25:04.516617Z  INFO herdr::logging: session saved event="persist.save" subsystem="persist" outcome="ok" path=/home/asergi/.config/herdr/session.json workspaces=1
2026-08-31T14:25:37.690063Z  INFO herdr::server::headless: client detach requested via keybind client_id=4
2026-08-31T14:25:37.695181Z  INFO herdr::server::headless: client disconnected client_id=4
2026-08-31T14:26:22.412670Z  INFO herdr::server::headless: client connected client_id=6 cols=189 rows=46 cell_width_px=0 cell_height_px=0 render_encoding=SemanticFrame
2026-08-31T14:26:39.476297Z  INFO herdr::logging: spawning pane terminal event="pane.spawn.start" subsystem="pane" outcome="started" pane_id=24 rows=45 cols=163 scrollback_limit_bytes=10000000
2026-08-31T14:26:39.479310Z  INFO herdr::logging: pane child spawned event="pane.spawned" subsystem="pane" outcome="ok" pane_id=24 pid=57040
2026-08-31T14:26:39.479899Z  INFO herdr::logging: tab renamed event="tab.rename" subsystem="tab" outcome="ok" workspace_id="wF" tab_id="wF:t3"
2026-08-31T14:26:39.479961Z  INFO herdr::logging: tab focused event="tab.focus" subsystem="tab" outcome="ok" workspace_id="wF" tab_id="wF:t3"
2026-08-31T14:26:43.550891Z  INFO herdr::pane: agent changed pane=24 previous_agent=None agent=Some(OpenCode) process=opencode pgid=Some(57282)
2026-08-31T14:26:44.482216Z  INFO herdr::logging: session saved event="persist.save" subsystem="persist" outcome="ok" path=/home/asergi/.config/herdr/session.json workspaces=1
2026-08-31T14:27:45.753762Z  INFO herdr::logging: spawning pane terminal event="pane.spawn.start" subsystem="pane" outcome="started" pane_id=25 rows=45 cols=163 scrollback_limit_bytes=10000000
2026-08-31T14:27:45.756156Z  INFO herdr::logging: pane child spawned event="pane.spawned" subsystem="pane" outcome="ok" pane_id=25 pid=58320
2026-08-31T14:27:45.756506Z  INFO herdr::logging: tab renamed event="tab.rename" subsystem="tab" outcome="ok" workspace_id="wF" tab_id="wF:t4"
2026-08-31T14:27:45.756559Z  INFO herdr::logging: tab focused event="tab.focus" subsystem="tab" outcome="ok" workspace_id="wF" tab_id="wF:t4"
2026-08-31T14:27:50.758371Z  INFO herdr::logging: session saved event="persist.save" subsystem="persist" outcome="ok" path=/home/asergi/.config/herdr/session.json workspaces=1
2026-08-31T14:28:05.801643Z  INFO herdr::logging: pane child exited event="pane.exit" subsystem="pane" outcome="completed" pane_id=25 status="ExitStatus { code: 1, signal: None }"
2026-08-31T14:28:05.807266Z  INFO herdr::pane: pane session terminated pane=25 pid=58320 signal=Hangup
2026-08-31T14:28:05.807844Z  WARN herdr::app::actions: PaneDied for unknown pane pane=25
2026-08-31T14:28:10.815557Z  INFO herdr::logging: session saved event="persist.save" subsystem="persist" outcome="ok" path=/home/asergi/.config/herdr/session.json workspaces=1
2026-08-31T14:28:46.716961Z  INFO herdr::logging: tab focused event="tab.focus" subsystem="tab" outcome="ok" workspace_id="wF" tab_id="wF:t1"
2026-08-31T14:28:51.719287Z  INFO herdr::logging: session saved event="persist.save" subsystem="persist" outcome="ok" path=/home/asergi/.config/herdr/session.json workspaces=1
2026-08-31T14:29:01.405588Z  INFO herdr::logging: tab focused event="tab.focus" subsystem="tab" outcome="ok" workspace_id="wF" tab_id="wF:t3"
2026-08-31T14:29:01.784817Z  INFO herdr::logging: tab focused event="tab.focus" subsystem="tab" outcome="ok" workspace_id="wF" tab_id="wF:t1"
2026-08-31T14:29:06.786162Z  INFO herdr::logging: session saved event="persist.save" subsystem="persist" outcome="ok" path=/home/asergi/.config/herdr/session.json workspaces=1
2026-08-31T14:29:49.123376Z  INFO herdr::logging: tab focused event="tab.focus" subsystem="tab" outcome="ok" workspace_id="wF" tab_id="wF:t3"
2026-08-31T14:29:54.125389Z  INFO herdr::logging: session saved event="persist.save" subsystem="persist" outcome="ok" path=/home/asergi/.config/herdr/session.json workspaces=1
2026-08-31T14:32:23.145246Z  INFO herdr::logging: spawning pane terminal event="pane.spawn.start" subsystem="pane" outcome="started" pane_id=26 rows=45 cols=163 scrollback_limit_bytes=10000000
2026-08-31T14:32:23.148196Z  INFO herdr::logging: pane child spawned event="pane.spawned" subsystem="pane" outcome="ok" pane_id=26 pid=60636
2026-08-31T14:32:23.148580Z  INFO herdr::logging: tab renamed event="tab.rename" subsystem="tab" outcome="ok" workspace_id="wF" tab_id="wF:t5"
2026-08-31T14:32:23.148642Z  INFO herdr::logging: tab focused event="tab.focus" subsystem="tab" outcome="ok" workspace_id="wF" tab_id="wF:t5"
2026-08-31T14:32:28.152407Z  INFO herdr::logging: session saved event="persist.save" subsystem="persist" outcome="ok" path=/home/asergi/.config/herdr/session.json workspaces=1
